2026-03-11 00:10:34,746 INFO Run started target_count=1 batch_mode=False allow_delay=False
2026-03-11 00:10:56,546 INFO stage=stage1_write duration_s=21.80
2026-03-11 00:10:59,070 INFO stage=stage2_seo_review duration_s=2.52
2026-03-11 00:11:01,040 INFO stage=stage3_language_polish duration_s=1.97
2026-03-11 00:11:01,041 INFO stage=stage4_internal_links duration_s=0.00
2026-03-11 00:11:01,041 INFO Saved article content/posts/2026-03-11-den-richtigen-rechtsanwalt-online-finden-der-ultimative-leitfaden-2024.md
2026-03-11 00:11:01,041 INFO stage=article_iteration duration_s=26.29
2026-03-11 00:11:01,042 INFO Article completed path=content/posts/2026-03-11-den-richtigen-rechtsanwalt-online-finden-der-ultimative-leitfaden-2024.md pillar=False needs_review=False
2026-03-11 00:11:01,042 INFO Pinging sitemap after generation
2026-03-11 00:11:01,322 INFO stage=sitemap_ping duration_s=0.28
2026-03-11 00:11:01,322 INFO Keyword stats queue_remaining=99 total_used=1
2026-03-11 00:11:01,322 INFO stage=run_total duration_s=26.58
2026-03-11 00:31:05,772 INFO Run started target_count=1 batch_mode=False allow_delay=False
2026-03-11 00:31:26,533 INFO stage=stage1_write duration_s=20.76
2026-03-11 00:31:29,131 INFO stage=stage2_seo_review duration_s=2.60
2026-03-11 00:31:31,351 INFO stage=stage3_language_polish duration_s=2.22
2026-03-11 00:31:31,357 INFO stage=stage4_internal_links duration_s=0.01
2026-03-11 00:31:31,358 INFO Saved article content/posts/2026-03-11-kostenlose-erstberatung-beim-anwalt-der-ultimative-ratgeber.md
2026-03-11 00:31:31,358 INFO stage=article_iteration duration_s=25.59
2026-03-11 00:31:31,358 INFO Article completed path=content/posts/2026-03-11-kostenlose-erstberatung-beim-anwalt-der-ultimative-ratgeber.md pillar=False needs_review=True
2026-03-11 00:31:31,359 INFO Pinging sitemap after generation
2026-03-11 00:31:31,760 INFO stage=sitemap_ping duration_s=0.40
2026-03-11 00:31:31,760 INFO Keyword stats queue_remaining=98 total_used=2
2026-03-11 00:31:31,760 INFO stage=run_total duration_s=25.99
2026-03-11 04:52:16,977 INFO Run started target_count=2 batch_mode=True allow_delay=False
2026-03-11 04:52:37,812 INFO stage=stage1_write duration_s=20.83
2026-03-11 04:52:40,768 INFO stage=stage2_seo_review duration_s=2.96
2026-03-11 04:52:42,950 INFO stage=stage3_language_polish duration_s=2.18
2026-03-11 04:52:42,957 INFO stage=stage4_internal_links duration_s=0.01
2026-03-11 04:52:42,958 INFO Saved article content/posts/2026-03-11-fachanwalt-fuer-arbeitsrecht-in-berlin-expertenberatung-fuer-arbeitnehmer-und-arbeitgeber.md
2026-03-11 04:52:42,958 INFO stage=article_iteration duration_s=25.98
2026-03-11 04:52:42,958 INFO Article completed path=content/posts/2026-03-11-fachanwalt-fuer-arbeitsrecht-in-berlin-expertenberatung-fuer-arbeitnehmer-und-arbeitgeber.md pillar=False needs_review=True
2026-03-11 04:53:03,797 INFO stage=stage1_write duration_s=20.84
2026-03-11 04:53:06,403 INFO stage=stage2_seo_review duration_s=2.61
2026-03-11 04:53:08,483 INFO stage=stage3_language_polish duration_s=2.08
2026-03-11 04:53:08,489 INFO stage=stage4_internal_links duration_s=0.01
2026-03-11 04:53:08,489 INFO Saved article content/posts/2026-03-11-mietrecht-in-muenchen-leitfaden-fuer-mieter-und-vermieter.md
2026-03-11 04:53:08,489 INFO stage=article_iteration duration_s=25.53
2026-03-11 04:53:08,490 INFO Article completed path=content/posts/2026-03-11-mietrecht-in-muenchen-leitfaden-fuer-mieter-und-vermieter.md pillar=False needs_review=True
2026-03-11 04:53:08,490 INFO Pinging sitemap after generation
2026-03-11 04:53:08,750 INFO stage=sitemap_ping duration_s=0.26
2026-03-11 04:53:08,750 INFO Keyword stats queue_remaining=96 total_used=4
2026-03-11 04:53:08,750 INFO stage=run_total duration_s=51.77
2026-03-14 04:52:12,203 INFO Run started target_count=0 batch_mode=True allow_delay=False
2026-03-14 04:52:12,203 INFO No publication today (humanized schedule)
2026-03-14 04:52:12,203 INFO stage=run_total duration_s=0.00
2026-03-15 05:14:04,068 INFO Run started target_count=0 batch_mode=True allow_delay=False
2026-03-15 05:14:04,068 INFO No publication today (humanized schedule)
2026-03-15 05:14:04,068 INFO stage=run_total duration_s=0.00
2026-03-18 05:06:06,458 INFO Run started target_count=0 batch_mode=True allow_delay=False
2026-03-18 05:06:06,458 INFO No publication today (humanized schedule)
2026-03-18 05:06:06,458 INFO stage=run_total duration_s=0.00
2026-03-21 04:46:16,634 INFO Run started target_count=0 batch_mode=True allow_delay=False
2026-03-21 04:46:16,634 INFO No publication today (humanized schedule)
2026-03-21 04:46:16,634 INFO stage=run_total duration_s=0.00
2026-03-24 05:03:29,544 INFO Run started target_count=0 batch_mode=True allow_delay=False
2026-03-24 05:03:29,544 INFO No publication today (humanized schedule)
2026-03-24 05:03:29,544 INFO stage=run_total duration_s=0.00
2026-03-25 05:03:54,304 INFO Run started target_count=0 batch_mode=True allow_delay=False
2026-03-25 05:03:54,304 INFO No publication today (humanized schedule)
2026-03-25 05:03:54,304 INFO stage=run_total duration_s=0.00
2026-03-27 05:17:40,968 INFO Run started target_count=0 batch_mode=True allow_delay=False
2026-03-27 05:17:40,968 INFO No publication today (humanized schedule)
2026-03-27 05:17:40,968 INFO stage=run_total duration_s=0.00
2026-04-03 05:15:14,358 INFO Run started target_count=0 batch_mode=True allow_delay=False
2026-04-03 05:15:14,358 INFO No publication today (humanized schedule)
2026-04-03 05:15:14,358 INFO stage=run_total duration_s=0.00
2026-04-07 05:19:36,986 INFO Run started target_count=0 batch_mode=True allow_delay=False
2026-04-07 05:19:36,986 INFO No publication today (humanized schedule)
2026-04-07 05:19:36,987 INFO stage=run_total duration_s=0.00
2026-04-08 05:21:06,887 INFO Run started target_count=0 batch_mode=True allow_delay=False
2026-04-08 05:21:06,887 INFO No publication today (humanized schedule)
2026-04-08 05:21:06,887 INFO stage=run_total duration_s=0.00
2026-04-14 05:31:58,142 INFO Run started target_count=0 batch_mode=True allow_delay=False
2026-04-14 05:31:58,142 INFO No publication today (humanized schedule)
2026-04-14 05:31:58,143 INFO stage=run_total duration_s=0.00
2026-04-15 05:31:36,663 INFO Run started target_count=0 batch_mode=True allow_delay=False
2026-04-15 05:31:36,663 INFO No publication today (humanized schedule)
2026-04-15 05:31:36,663 INFO stage=run_total duration_s=0.00
2026-04-17 05:35:27,499 INFO Run started target_count=0 batch_mode=True allow_delay=False
2026-04-17 05:35:27,499 INFO No publication today (humanized schedule)
2026-04-17 05:35:27,500 INFO stage=run_total duration_s=0.00
2026-04-18 05:16:40,297 INFO Run started target_count=0 batch_mode=True allow_delay=False
2026-04-18 05:16:40,297 INFO No publication today (humanized schedule)
2026-04-18 05:16:40,297 INFO stage=run_total duration_s=0.00
2026-04-28 06:12:55,117 INFO Run started target_count=0 batch_mode=True allow_delay=False
2026-04-28 06:12:55,117 INFO No publication today (humanized schedule)
2026-04-28 06:12:55,117 INFO stage=run_total duration_s=0.00
2026-05-02 05:43:18,352 INFO Run started target_count=0 batch_mode=True allow_delay=False
2026-05-02 05:43:18,352 INFO No publication today (humanized schedule)
2026-05-02 05:43:18,352 INFO stage=run_total duration_s=0.00
2026-05-05 05:49:37,178 INFO Run started target_count=0 batch_mode=True allow_delay=False
2026-05-05 05:49:37,178 INFO No publication today (humanized schedule)
2026-05-05 05:49:37,178 INFO stage=run_total duration_s=0.00
2026-05-06 06:11:35,806 INFO Run started target_count=0 batch_mode=True allow_delay=False
2026-05-06 06:11:35,806 INFO No publication today (humanized schedule)
2026-05-06 06:11:35,806 INFO stage=run_total duration_s=0.00
2026-05-08 05:35:43,063 INFO Run started target_count=0 batch_mode=True allow_delay=False
2026-05-08 05:35:43,063 INFO No publication today (humanized schedule)
2026-05-08 05:35:43,063 INFO stage=run_total duration_s=0.00
2026-05-09 05:59:13,818 INFO Run started target_count=0 batch_mode=True allow_delay=False
2026-05-09 05:59:13,818 INFO No publication today (humanized schedule)
2026-05-09 05:59:13,818 INFO stage=run_total duration_s=0.00
2026-05-16 06:06:12,269 INFO Run started target_count=0 batch_mode=True allow_delay=False
2026-05-16 06:06:12,269 INFO No publication today (humanized schedule)
2026-05-16 06:06:12,269 INFO stage=run_total duration_s=0.00
2026-05-19 06:55:17,459 INFO Run started target_count=0 batch_mode=True allow_delay=False
2026-05-19 06:55:17,459 INFO No publication today (humanized schedule)
2026-05-19 06:55:17,459 INFO stage=run_total duration_s=0.00
2026-05-20 06:55:26,175 INFO Run started target_count=0 batch_mode=True allow_delay=False
2026-05-20 06:55:26,175 INFO No publication today (humanized schedule)
2026-05-20 06:55:26,175 INFO stage=run_total duration_s=0.00
2026-05-30 06:29:25,190 INFO Run started target_count=0 batch_mode=True allow_delay=False
2026-05-30 06:29:25,190 INFO No publication today (humanized schedule)
2026-05-30 06:29:25,190 INFO stage=run_total duration_s=0.00
2026-06-03 08:26:40,008 INFO Run started target_count=0 batch_mode=True allow_delay=False
2026-06-03 08:26:40,008 INFO No publication today (humanized schedule)
2026-06-03 08:26:40,008 INFO stage=run_total duration_s=0.00
2026-06-05 07:16:08,826 INFO Run started target_count=0 batch_mode=True allow_delay=False
2026-06-05 07:16:08,826 INFO No publication today (humanized schedule)
2026-06-05 07:16:08,826 INFO stage=run_total duration_s=0.00
2026-06-09 06:56:38,500 INFO Run started target_count=0 batch_mode=True allow_delay=False
2026-06-09 06:56:38,500 INFO No publication today (humanized schedule)
2026-06-09 06:56:38,500 INFO stage=run_total duration_s=0.00
2026-06-13 07:04:39,198 INFO Run started target_count=0 batch_mode=True allow_delay=False
2026-06-13 07:04:39,198 INFO No publication today (humanized schedule)
2026-06-13 07:04:39,198 INFO stage=run_total duration_s=0.00
2026-06-14 07:55:37,432 INFO Run started target_count=0 batch_mode=True allow_delay=False
2026-06-14 07:55:37,432 INFO No publication today (humanized schedule)
2026-06-14 07:55:37,432 INFO stage=run_total duration_s=0.00
2026-06-20 07:06:57,654 INFO Run started target_count=0 batch_mode=True allow_delay=False
2026-06-20 07:06:57,654 INFO No publication today (humanized schedule)
2026-06-20 07:06:57,654 INFO stage=run_total duration_s=0.00
2026-06-21 08:07:51,624 INFO Run started target_count=0 batch_mode=True allow_delay=False
2026-06-21 08:07:51,624 INFO No publication today (humanized schedule)
2026-06-21 08:07:51,624 INFO stage=run_total duration_s=0.00
2026-06-24 06:55:30,081 INFO Run started target_count=0 batch_mode=True allow_delay=False
2026-06-24 06:55:30,081 INFO No publication today (humanized schedule)
2026-06-24 06:55:30,081 INFO stage=run_total duration_s=0.00
2026-06-27 06:34:47,467 INFO Run started target_count=0 batch_mode=True allow_delay=False
2026-06-27 06:34:47,467 INFO No publication today (humanized schedule)
2026-06-27 06:34:47,467 INFO stage=run_total duration_s=0.00
2026-07-04 06:27:12,654 INFO Run started target_count=0 batch_mode=True allow_delay=False
2026-07-04 06:27:12,654 INFO No publication today (humanized schedule)
2026-07-04 06:27:12,654 INFO stage=run_total duration_s=0.00
2026-07-07 06:53:55,565 INFO Run started target_count=0 batch_mode=True allow_delay=False
2026-07-07 06:53:55,565 INFO No publication today (humanized schedule)
2026-07-07 06:53:55,565 INFO stage=run_total duration_s=0.00
2026-07-08 06:05:27,435 INFO Run started target_count=0 batch_mode=True allow_delay=False
2026-07-08 06:05:27,435 INFO No publication today (humanized schedule)
2026-07-08 06:05:27,435 INFO stage=run_total duration_s=0.00
2026-07-12 06:11:10,298 INFO Run started target_count=0 batch_mode=True allow_delay=False
2026-07-12 06:11:10,298 INFO No publication today (humanized schedule)
2026-07-12 06:11:10,298 INFO stage=run_total duration_s=0.00
2026-07-17 05:48:53,459 INFO Run started target_count=0 batch_mode=True allow_delay=False
2026-07-17 05:48:53,459 INFO No publication today (humanized schedule)
2026-07-17 05:48:53,459 INFO stage=run_total duration_s=0.00
2026-07-18 05:34:38,127 INFO Run started target_count=0 batch_mode=True allow_delay=False
2026-07-18 05:34:38,127 INFO No publication today (humanized schedule)
2026-07-18 05:34:38,127 INFO stage=run_total duration_s=0.00
2026-07-22 06:03:11,070 INFO Run started target_count=0 batch_mode=True allow_delay=False
2026-07-22 06:03:11,070 INFO No publication today (humanized schedule)
2026-07-22 06:03:11,070 INFO stage=run_total duration_s=0.00
2026-07-24 06:02:27,337 INFO Run started target_count=0 batch_mode=True allow_delay=False
2026-07-24 06:02:27,337 INFO No publication today (humanized schedule)
2026-07-24 06:02:27,337 INFO stage=run_total duration_s=0.00
2026-07-25 05:49:47,254 INFO Run started target_count=0 batch_mode=True allow_delay=False
2026-07-25 05:49:47,254 INFO No publication today (humanized schedule)
2026-07-25 05:49:47,254 INFO stage=run_total duration_s=0.00
2026-07-26 06:13:20,507 INFO Run started target_count=0 batch_mode=True allow_delay=False
2026-07-26 06:13:20,507 INFO No publication today (humanized schedule)
2026-07-26 06:13:20,507 INFO stage=run_total duration_s=0.00
2026-07-28 06:01:26,382 INFO Run started target_count=0 batch_mode=True allow_delay=False
2026-07-28 06:01:26,382 INFO No publication today (humanized schedule)
2026-07-28 06:01:26,382 INFO stage=run_total duration_s=0.00
2026-08-07 05:00:41,351 INFO Run started target_count=0 batch_mode=True allow_delay=False
2026-08-07 05:00:41,351 INFO No publication today (humanized schedule)
2026-08-07 05:00:41,351 INFO stage=run_total duration_s=0.00
2026-08-08 04:19:21,914 INFO Run started target_count=0 batch_mode=True allow_delay=False
2026-08-08 04:19:21,915 INFO No publication today (humanized schedule)
2026-08-08 04:19:21,915 INFO stage=run_total duration_s=0.00
2026-08-12 04:59:10,779 INFO Run started target_count=0 batch_mode=True allow_delay=False
2026-08-12 04:59:10,779 INFO No publication today (humanized schedule)
2026-08-12 04:59:10,779 INFO stage=run_total duration_s=0.00
2026-08-15 03:51:23,246 INFO Run started target_count=0 batch_mode=True allow_delay=False
2026-08-15 03:51:23,246 INFO No publication today (humanized schedule)
2026-08-15 03:51:23,246 INFO stage=run_total duration_s=0.00
2026-08-19 03:56:43,143 INFO Run started target_count=0 batch_mode=True allow_delay=False
2026-08-19 03:56:43,143 INFO No publication today (humanized schedule)
2026-08-19 03:56:43,143 INFO stage=run_total duration_s=0.00
2026-08-25 03:57:12,329 INFO Run started target_count=0 batch_mode=True allow_delay=False
2026-08-25 03:57:12,329 INFO No publication today (humanized schedule)
2026-08-25 03:57:12,329 INFO stage=run_total duration_s=0.00
2026-08-29 10:00:15,190 INFO Run started target_count=0 batch_mode=True allow_delay=False
2026-08-29 10:00:15,190 INFO No publication today (humanized schedule)
2026-08-29 10:00:15,190 INFO stage=run_total duration_s=0.00
2026-08-30 09:10:49,936 INFO Run started target_count=0 batch_mode=True allow_delay=False
2026-08-30 09:10:49,936 INFO No publication today (humanized schedule)
2026-08-30 09:10:49,936 INFO stage=run_total duration_s=0.00
2026-09-01 08:35:45,226 INFO Run started target_count=0 batch_mode=True allow_delay=False
2026-09-01 08:35:45,226 INFO No publication today (humanized schedule)
2026-09-01 08:35:45,226 INFO stage=run_total duration_s=0.00
2026-09-04 07:56:08,336 INFO Run started target_count=0 batch_mode=True allow_delay=False
2026-09-04 07:56:08,336 INFO No publication today (humanized schedule)
2026-09-04 07:56:08,336 INFO stage=run_total duration_s=0.00
